@addresses_from "00050000-10101D00" // US v1.3.0 (v64)

// If your mod uses symbols that aren't in RedCore, you can add them here.
    _ZN4Mtxf5YrotMERK5Angle = 0x029E14C4;
    _ZN4Mtxf5XrotMERK5Angle = 0x029E1594;
    _ZN4Mtxf5ZrotMERK5Angle = 0x029E152C;
    _ZN11ProfileInfo17cProfileID_MarutaE = 0x100040CC;
    _ZN15JointBlendModel6setAnmERKN4sead14SafeStringBaseIcEEN9FrameCtrl8PlayModeEff = 0x024DFFB4;
    _ZN30ActorCollisionDrcTouchCallback16ccSetTouchDamageEP19ActorCollisionCheckRKN4sead7Vector2IfEE = 0x0219E7E8;
    _ZN30ActorCollisionDrcTouchCallback16bcSetTouchDamageEP11BgCollisionRKN4sead7Vector2IfEE = 0x0219E8B8;
    _ZN30ActorCollisionDrcTouchCallback9bcOnTouchEP11BgCollisionRKN4sead7Vector2IfEE = 0x0219E974;
    _ZN30ActorCollisionDrcTouchCallback9ccOnTouchEP19ActorCollisionCheckRKN4sead7Vector2IfEE = 0x0219E8A4;
    _ZN12EnemyBoyoMgr11cDeltaScaleE = 0x10200DF0;
    _ZN12EnemyBoyoMgr5beginEif = 0x0232A940;
    _ZTV12EnemyBoyoMgr = 0x10072588;
    _ZN12EnemyBoyoMgr7executeEv = 0x0232A958;
    _ZN5Actor11calcSpeedX_Ev = 0x020013E8;
    _ZN21ActorBgCollisionCheck7checkBgEv = 0x0218D954;
    _ZNK22ActorCollisionCheckMgr14isInActiveListERK19ActorCollisionCheck = 0x0219DC5C;
    _ZNK22ActorCollisionCheckMgr14isInCreateListERK19ActorCollisionCheck = 0x0219DD88;
    _ZN22ActorCollisionCheckMgr15addToCreateListERK19ActorCollisionCheck = 0x0219E028;
    _ZN22ActorCollisionCheckMgr20removeFromActiveListERK19ActorCollisionCheck = 0x0219DF70;
    _ZN22ActorCollisionCheckMgr20removeFromCreateListERK19ActorCollisionCheck = 0x0219DDC4;
    _ZN22ActorCollisionCheckMgr26removeFromTouchDrcHoldListERK19ActorCollisionCheck = 0x0219E130;
    _ZN5Enemy17setDeathInfo_FallE7DirTypeiN8ScoreMgr9ScoreTypeE = 0x0232CBA4;
    _ZN11ProfileInfo18cProfileID_FreezerE = 0x100041C0;
    _ZN7Freezer9sTypeInfoE = 0x101eab78;
    _ZN8FlagCtrl11setFlagDataEtfft = 0x024C2B78;
    _ZN8FlagCtrl11getFlagDataEtff = 0x024C2B10;
    _ZN8FlagCtrl9sInstanceE = 0x101D160C;
    _ZN9ActorUtil14getTrgToSrcDirERK5ActorS2_ = 0x0200C7E4;
    _ZN12FireBallBaseC2ERK16ActorCreateParam = 0x0216FED0;
    _ZN12FireBallBase4killEv = 0x0216FC4C;
    _ZN12FireBallBase9sTypeInfoE = 0x101EA0AC;
    _ZTV12FireBallBase = 0x1003B09C;
    _ZN12FireBallBros9collcheckEP19ActorCollisionCheckS1_ = 0x02171A34;
    _ZN12FireBallBase6createEv = 0x0217001C;
    _ZN12FireBallBase10preExecuteEv = 0x021701E0;
    _ZN12FireBallBase7executeEv = 0x021703D0;
    _ZN12FireBallBase4drawEv = 0x021706EC;
    _ZN12FireBallBase8doDeleteEv = 0x02170714;
    _ZN12FireBallBase20removeCollisionCheckEv = 0x02170750;
    _ZN12FireBallBase20reviveCollisionCheckEv = 0x021707b0;
    _ZN12FireBallBase20initializeState_MoveEv = 0x02171740;
    _ZN12FireBallBase18finalizeState_MoveEv = 0x02171748;
    _ZN12FireBallBase20initializeState_KillEv = 0x02170820;
    _ZN12FireBallBase17executeState_KillEv = 0x021708A4;
    _ZN12FireBallBase18finalizeState_KillEv = 0x0217174C;
    _ZN12FireBallBase21initializeState_EatInEv = 0x02171750;
    _ZN12FireBallBase18executeState_EatInEv = 0x021708C0;
    _ZN12FireBallBase19finalizeState_EatInEv = 0x02171754;
    _ZN12FireBallBase22initializeState_EatNowEv = 0x02171758;
    _ZN12FireBallBase19executeState_EatNowEv = 0x0217175C;
    _ZN12FireBallBase20finalizeState_EatNowEv = 0x02171760;
    _ZN12FireBallBase14setBgCollisionEv = 0x02170B08;
    _ZN12FireBallBase10fireEffectEv = 0x02170B2C;
    _ZN12FireBallBase11beginSplashEf = 0x02170C08;
    _ZN12FireBallBase14beginAirSplashEP25BgCollisionCheckHitResult = 0x02170D00;
    _ZN12FireBallBase20beginYoganWaveSplashEv = 0x02170DF8;
    _ZN12FireBallBase17beginPoisonSplashEf = 0x02170EA4;
    _ZN12FireBallBase16beginYoganSplashEv = 0x02170F9C;
    _ZN11IceBallBaseC2ERK16ActorCreateParam = 0x0217FA5C;
    _ZN11IceBallBase12StateID_MoveE = 0x101F85B4;
    _ZN11IceBallBase9sTypeInfoE = 0x101EA0B0;
    _ZTV11IceBallBase = 0x1003EA18;
    _ZN11IceBallBase12StateID_KillE = 0x101F85D8;
    _ZN11IceBallBase15setDeleteEffectEv = 0x0217FCD0;
    _ZN11IceBallBros9collcheckEP19ActorCollisionCheckS1_ = 0x02180F70;
    _ZN11IceBallBase6createEv = 0x0217FB8C;
    _ZN11IceBallBase7executeEv = 0x0217FD34;
    _ZN11IceBallBase4drawEv = 0x02180028;
    _ZN11IceBallBase8doDeleteEv = 0x02180C04;
    _ZN11IceBallBase20removeCollisionCheckEv = 0x02180050;
    _ZN11IceBallBase20reviveCollisionCheckEv = 0x021800B0;
    _ZN11IceBallBase20initializeState_MoveEv = 0x02180120;
    _ZN11IceBallBase17executeState_MoveEv = 0x02180130;
    _ZN11IceBallBase18finalizeState_MoveEv = 0x02180C0C;
    _ZN11IceBallBase20initializeState_KillEv = 0x02180234;
    _ZN11IceBallBase17executeState_KillEv = 0x021802B8;
    _ZN11IceBallBase18finalizeState_KillEv = 0x02180C10;
    _ZN11IceBallBase21initializeState_EatInEv = 0x02180C14;
    _ZN11IceBallBase18executeState_EatInEv = 0x021802D4;
    _ZN11IceBallBase19finalizeState_EatInEv = 0x02180C18;
    _ZN11IceBallBase22initializeState_EatNowEv = 0x02180C1C;
    _ZN11IceBallBase19executeState_EatNowEv = 0x02180C20;
    _ZN11IceBallBase20finalizeState_EatNowEv = 0x02180C24;
    _ZN11IceBallBase13checkDeleteBgEv = 0x021802F0;
    _ZN5Light16calcLayerOverlapEv = 0x024E2784;
    _ZN14ActorCollision16hasamareBgCheck_Ev = 0x02003C9C;
    _ZNK21BasicBgCollisionCheck10checkPointEP27BgCollisionCheckResultPointRKN4sead7Vector2IfEE = 0x021A1988;
    _ZN5Enemy18cDieFallInitSpeedYE = 0x10072EA8;
    _ZN5Enemy18cDieFallInitSpeedXE = 0x10072064;
    _ZN5Enemy15cDieFallGravityE = 0x102010AC;
    _ZN5Enemy20cDieFallMaxFallSpeedE = 0x10072EAC;
    _ZN14EnemyDeathInfo4killERKNS_3ArgE = 0x0232EFA0;
